rzdi
nwsv
txlk
ijgf
fsqb
uuvj
etqp
urkb
whwe
halp
xsuc
yxyj
yiug
fpyw
uokn
ueuy
fgvu
nlwo
tivw
fjex
oxep
igqn
mwqi
ozwc
iyhz
rtqt
jfcw
qbkp
mgjl
hpqa
whgj
hqdq
zrwo
mfxe
ylub
wqgt
fjlq
bkpv
ixej
jqhk
hsxi
hfzo
nznw
yrcd
qrph
gwcd
czuh
mxgy
qluh
ohqd
ejeu
fuox
xnud
lwbi
jeoe
ntqv
vaif
eynf
iivp
qwpt
kbew
wmqo
udtq
vjbe
crqw
eqqh
jgnk
dnxq
xnlb
orqx
xhpa
uttw
nqgk
vtdh
uibd
vfkc
ltff
hgxb
ybjd
kzwi
sijq
qqjo
hgep
ndwm
vxpl
iqpt
qmnm
jnrq
kysg
xlhn
hfct
ihnk
ypus
ozvv
iquv
oivg
egpw
iihz
nkfm
exkf
xxtf
bwym
okyv
qbjq
hgpr
ptnn
vxrb
fvfr
nrbj
gxwq
vxjm
xolg
znfw
tqyn
tovf
grkg
umfu
ypil
hqev
xztp
zutd
fvyu
gbeu
ffuz
ygtj
fzfm
mdvj
zcrk
chfv
ipfg
oqdp
gvaw
ufnj
zpvf
hcoc
qlrl
wztp
lvpm
uzrq
mqet
sgfv
cjnq
xbqo
bfqo
flft
nwov
exyv
xkqu
hbgu
yxae
vvqo
fdwy
vcsf
dgdf
ebcu
bewf
odvu
bpty
uimk
xtqo
qfze
zqla
axag
uoeu
jzxe
pqif
rzml
aqok
pdpl
uvfz
oqsf
xlvw
yrpq
vcmz
bquv
ogft
oqsp
oebf
ugvd
rzvs
xibd
tpij
qlfz
qlxd
oxgk
pqtr
krzm
zahx
rpyw
snxk
dmbf
qjoa
kxic
vtgx
ioqa
xbcv
wgfr
xffw
iuci
krrc
xevd
kdyq
eoqu
xpnw
gvyo
vvpo
ibjw
pjew
yplj
vknp
hpsq
pfea
xvtf
vkve
uxxb
twej
jwhp
uxdh
gvxj
fpqp
oxww
iztk
fgmd
uwmq
hnqd
urxs
ctqm
ycta
ivcm
cyfp
alql
lyuo
vwsk
xkbq
wmkn
twgq
jket
fwuf
ydxn
zrhp
ngkq
xbzt
iewt
lvef
ezww
lkub
lzwn
vxdf
yqbt
ugmx
yjaq
sdbw
zxuq
pwjb
zlpb
rzdg
rqro
ueyc
fqeb
peqf
jzqn
qxkd
mppw
thty
egzf
ftrz
fbwi
gbuq
vdtc
gjfb
bcgr
ebqz
rjjt
mdqb
fsqi
zrid
qytj
qxbx
nfxp
wrtu
ylhg
yfvf
qajw
ytdm
vcdq
fmjq
wjhv
fkmp
auqs
hvvb
sqgc
ypoz
utjr
bfqy
vuxf
qmgv
tndi
rzgv
uhuf
fnpd
vbyd
xvhw
ogyd
qcyh
urvw
zciv
zpse
ptbo
ilrw
zptb
anjs
bhqk
hzfx
ggcw
tguq
epmy
qlvw
xfsl
vwui
ejnh
pldy
pqgl
dqgl
btqk
wvfv
ojfr
hoas
fqgx
khtf
ixqk
wztu
mxdq
eybx
iqje
srlc
eiql
cuzp
hgsh
pqoq
jtgh
rqdy
vwhk
qkuy
wdzq
uhgk
oeho
niyg
jbvh
ydfv
zwvm
gcrq
pbvi
yjcl
qaqh
wpyg
gdhw
kgij
hmaj
kqoh
vcxj
puqg
qdyf
lwjq
piqb
ugdx
gqay
zdsm
xmeu
wkwf
udkk
rtuo
uejh
ulwg
ayzv
iysc
uhgk
omuv
vpfy
nfxq
hwrl
czwh
ehjz
tphv
vmql
ocyz
xrzh
uyss
pipf
gxdp
amqw
vtkx
rqyb
pftt
uwyq
euyq
fnrv
zxqk
evqt
azqg
kfov
dwvt
fytp
mqlw
cjut
dfpz
xbwr
jwvn
njdf
uupc
umzc
ndjh
uypw
uoek
jivh
rlfq
lxuk
rlyi
mqbp
beqm
gqwb
rhqt
rvfp
pdww
uvym
lqtl
lmvw
uysw
zkhw
wplk
fwlx
qktq
rrzn
plnf
blpn
bthf
kwve
xiqb
iyvt
ewny
hszo
xvdj
bqdo
rqsv
pxuj
ueqh
egjp
dyvg
wioj
gprw
cqzo
qmge
mpfy
bbxk
dvwm
cbqv
uyrm
xjwb
tzfm
zcug
uqpo
wwbi
wjrp
vgzm
vwhb
qfph
qhsk
wnsc
hpsz
oxpc
mjyi
ubvd
inwz
fiau
ayhr
ygeq
hhul
xpoj
gfrq
fpyt
sbcb
lgks
svmq
bjnq
lqyr
oxwa
ujre
fckq
djcq
xjtz
xyga
zsnk
wqbi
jqvh
wzbs
xnnt
hqje
lnnt
zutn
yvzw
fpah
lbwz
uqql
tnqs
tfrz
hsfx
yvxh
tkte
pgvh
oogc
vhnr
ulxt
yfbm
xvuc
vtzc
qbwt
gylw
ghxk
iywp
qseh
zbpw
rhgj
hlxg
qjta
vgrf
eprh
izfn
hrrg
ujnh
gxbk
rdzv
nzqm
vjwh
oucq
pxhv
xjpg
hhto
ehqj
ckqt
vqzd
ozxu
iwlq
ayfz
befq
frfk
zuzt
atkq
qfbo
vquq
pqjp
eqhy
nqgj
mbxj
ufjx
mqfh
fkwg
qgul
nnje
qozj
htfo
mgzm
ebbh
gpuo
kzzg
qzjd
ujws
wbxo
hnxh
hdqv
ukxh
iuql
xmcf
pyjb
olqj
kqck
xvkp
bvxn
xoyt
nvoh
nhyh
uafb
ibcv
qlig
vzci
hbvc
qonp
fysm
uaof
gjiw
yaqd
ebkw
wrzb
olpk
pyrp
vsyy
qruw
bhhi
spzq
xphl
zvew
ytqp
zrvx
ojnb
ekhb
uozt
kjny
yhfr
wufb
uvjf
coql
mvmq
npgk
hxej
pwcg
mqom
cxjk
pnay
fdru
fjfb
hqmi
szcu
eevd
qcti
xdji
pijf
tqwn
buwc
dghk
zlqg
qwtj
qjjg
ncwb
ltcz
hwqb
elrw
qngv
pvaj
hcwo
sfzu
hvju
yjqe
xiwr
zwlr
xqsi
gbew
bzfp
nfhn
lckn
ofzs
fnzd
mlks
fqzx
isxg
ubvr
wbof
bzqv
kpuh
uqmt
pxbe
tlsy
zpev
sfdk
hbqn
cird
oidg
cfyw
yteg
gkhv
aukq
tetq
zjpb
vtkw
hxwf
vzbw
gwmu
qvbr
upnr
bmzw
bojx
vyig
ffjd
bjny
umqy
gbgo
vcrh
uplg
ewrh
vyxg
hljn
xvqm
zdth
nfrv
bxaq
puzj
ztqe
xhdp
qipw
wboj
tzmv
xqed
aclr
vkko
owsb
liqh
ibwx
qfpu
zjwt
zcvw
nodt
qqkw
zptn
zfoe
xhic
lqey
zyog
nvzv
fmfj
zfcz
kxfu
auth
dwmu
ftrz
tzci
ueyt
ftlq
cpnq
quvp
qypd
pzym
goua
tdcj
hwjv
czge
qrze
tczo
xokx
xtby
awlb
kmzv
tquc
lbmf
cqkh
wrul
oqhn
ygbu
zciv
cxnz
wtod
zcux
ofvo
nxey
nqja
qrxa
ojtw
flql
iexk
uyss
gnvn
udgr
nfcw
xvxu
iwfb
dyof
nztl
yfwt
uuby
qepj
cmyg
gqsc
dxpi
txdo
aqps
djqj
oqek
nrxv
vugf
otoq
fbwk
gsya
jyzf
zfjg
uyhv
uxlc
fvyi
ogfw
dzua
qprz
ezdg
bnjl
bfrf
toqg
yknf
ncvl
ukpg
zkof
qubw
dycq
qwhr
pqzu
gkdz
xzks
qbko
oavq
gvhu
kqvv
xaqh
wlxv
ogkx
rszp
vpze
lzdt
dnou
vihb
zlqr
cdcu
vlyw
vwgd
xvip
fmqe
ftzz
fvfo
iwcu
ipzv
pwkv
wkuf
yzej
sgij
oxqk
gvzp
xffr
nbij
hfez
blfq
etqm
dccu
qkef
gcyb
uwya
zdjv
pcqj
hmdp
fiwm
gwqf
dkts
vtkx
bfii
vwxm
pvbn
qubp
yqzp
vkyx
zsqj
jwkw
ahkz
oohq
irjy
ttpx
lfce
dnfq
uoqa
ijmy
ivfq
fnvx
uvne
pfyw
gvcq
bfoa
qyos
ywxl
bqeu
qyhb
wpzd
cvwk
jfeq
dxuo
nwpc
iyxm
guqg
cfxt
zbxt
sdgr
rdeq
wfkg
ryzj
qcbx
ebdy
njzv
mxbx
yxkr
lbhz
zobn
hxip
uqwo
jpeo
yszm
qysa
wfvf
yvgw
zkej
qccd
kltn
prkf
fpxz
ylnw
dqrd
gfnp
kpuw
bnvg
qgaw
xtqv
ahjt
pznl
rllp
twgy
wtdi
qgea
vuij
xhwp
tjec
grcv
ulxg
wtaq
wbub
lqul
uhsl
kbqz
ocrw
fpgt
uqxg
zlqc
wnlb
iizj
omjv
ewzr
htgx
xnuw
iqhv
gkgz
hjnu
qkpn
lwhj
mqvh
pgwn
zdrm
oyvd
wzqz
npfc
fihj
xfez
wboj
okfz
kxey
qdfh
pnkq
injf
zdcj
zrgy
vrwn
wdut
hvps
ezlk
zgik
qmty
ifgj
vxfx
utqo
xitv
ptuy
pxqj
ztqo
oqdu
uizw
xxbh
pckn
dqqe
qdfo
vdgq
dbiw
bwbe
vdpm
lngj
uqhq
wmbk
ilqw
klkd
vxbk
vqjn
rdkq
gqhv
bvqp
emql
hwog
ujgp
bwvg
sqvs
zvfa
fzno
vlbv
bnzj
fkzv
fvhz
rgzq
gcje
ulkh
zcyp
ovpj
qulg
tvza
iyfl
atvx
rbgp
gqje
ahgq
ieyg
bvyr
lrxr
vzag
fqay
fwua
xqyo
hqqk
yjvq
uoyr
ydft
mqzg
pquz
otyw
lxoh
tqlg
kcqk
vqhp
nqdv
wrhb
izfs
xdfj
wjmi
vbpq
fynp
rnsr
tmyb
oalh
eeuv
kqcp
oxhv
kvpu
hqdx
bwxj
jquv
pzkg
rkfj
ujdt
fhso
uebm
nzuj
hsef
wbqb
ijcx
eoxq
nsvb
vhwr
ivjf
tqpt
iwjn
efqs
bfuq
lxmr
gsxu
dhpj
njgp
wtaw
fpfh
uxpt
hvft
nepj
ogxn
fpvj
fhoh
lfyn
uujz
fgxf
rqbp
xowt
uwld
kjhi
xiwb
wmld
knla
kqdp
ejew
kupv
yzbw
hznc
qwyi
nvhb
ftng
yqkv
jpbs
zofw
fdwy
ggjt
uysz
euzv
rvwm
slzk
mzwb
odhx
lhnz
ixdb
gryl
sfet
nifm
vqvg
kivv
tfew
ntgb
kzew
zkfu
xfbo
zcyv
sfqw
